{
 "bot:random": {
  "n": 96,
  "score": 1.0,
  "win": 1.0,
  "draw": 0.0,
  "kills": 1.719,
  "portal": 0.00514
 },
 "bot:greedy": {
  "n": 96,
  "score": 0.9948,
  "win": 0.9896,
  "draw": 0.0104,
  "kills": 1.51,
  "portal": 0.00374
 },
 "bot:splitter": {
  "n": 96,
  "score": 0.9896,
  "win": 0.9896,
  "draw": 0.0,
  "kills": 24.958,
  "portal": 0.0048
 },
 "bot:blocker": {
  "n": 96,
  "score": 0.9688,
  "win": 0.9375,
  "draw": 0.0625,
  "kills": 2.167,
  "portal": 0.00303
 },
 "bot:portal": {
  "n": 96,
  "score": 0.9948,
  "win": 0.9896,
  "draw": 0.0104,
  "kills": 1.74,
  "portal": 0.00311
 },
 "bot:coward": {
  "n": 96,
  "score": 1.0,
  "win": 1.0,
  "draw": 0.0,
  "kills": 1.74,
  "portal": 0.00717
 },
 "submitted v9": {
  "n": 96,
  "score": 0.5312,
  "win": 0.5312,
  "draw": 0.0,
  "kills": 52.375,
  "portal": 0.0
 },
 "anchor sabotage": {
  "n": 96,
  "score": 0.375,
  "win": 0.375,
  "draw": 0.0,
  "kills": 64.073,
  "portal": 0.0
 },
 "anchor shink_r1": {
  "n": 96,
  "score": 0.5312,
  "win": 0.5312,
  "draw": 0.0,
  "kills": 64.615,
  "portal": 0.0
 },
 "anchor vibing_r4": {
  "n": 96,
  "score": 0.6042,
  "win": 0.6042,
  "draw": 0.0,
  "kills": 70.792,
  "portal": 0.0
 },
 "anchor vibing_r5": {
  "n": 96,
  "score": 0.6771,
  "win": 0.6771,
  "draw": 0.0,
  "kills": 60.062,
  "portal": 0.0
 }
}
